// Jest Snapshot v1, https://goo.gl/fbAQLP

exports[`renderToDiv contains the content from the compiled template 1`] = `
"<div>
  <p>Hello josie!</p>
  <div>Welcome!</div>
</div>
"
`;
